]0;~/Documents/csulb/thesis/1_data/Myeloma_cancer/3_other_models/random_forest/1_random_forest_accuracy[?1034hAnthonys-MacBook-Pro-2:1_random_forest_accuracy anthonydoan$ git remote add ori gin https://github.com/mythicalprogrammer/thesis_random_forest_myeloma_cancer.g it
fatal: not a git repository (or any of the parent directories): .git
]0;~/Documents/csulb/thesis/1_data/Myeloma_cancer/3_other_models/random_forest/1_random_forest_accuracyAnthonys-MacBook-Pro-2:1_random_forest_accuracy anthonydoan$ git [K[K[K[Kgit init
Initialized empty Git repository in /Users/anthonydoan/Documents/csulb/thesis/1_data/Myeloma_cancer/3_other_models/random_forest/1_random_forest_accuracy/.git/
]0;~/Documents/csulb/thesis/1_data/Myeloma_cancer/3_other_models/random_forest/1_random_forest_accuracyAnthonys-MacBook-Pro-2:1_random_forest_accuracy anthonydoan$ git add[K[K[K[K[K[K[Kgit remote add ori gin https://github.com/mythicalprogrammer/thesis_random_forest_myeloma_cancer.g it
]0;~/Documents/csulb/thesis/1_data/Myeloma_cancer/3_other_models/random_forest/1_random_forest_accuracyAnthonys-MacBook-Pro-2:1_random_forest_accuracy anthonydoan$ git add .
]0;~/Documents/csulb/thesis/1_data/Myeloma_cancer/3_other_models/random_forest/1_random_forest_accuracyAnthonys-MacBook-Pro-2:1_random_forest_accuracy anthonydoan$ git commit -m "ini tial commit.)[K"
[master (root-commit) c9dc4df] initial commit.
 12 files changed, 261 insertions(+)
 create mode 100644 .Rproj.user/DE3A4F7B/console06/1DBC1608
 create mode 100644 .Rproj.user/DE3A4F7B/console06/INDEX001
 create mode 100644 .Rproj.user/DE3A4F7B/sources/prop/15DBD978
 create mode 100644 .Rproj.user/DE3A4F7B/sources/prop/INDEX
 create mode 100644 .Rproj.user/DE3A4F7B/sources/s-7FD5C02/5EDDB9FE
 create mode 100644 .Rproj.user/DE3A4F7B/sources/s-7FD5C02/5EDDB9FE-contents
 create mode 100644 .Rproj.user/DE3A4F7B/sources/s-7FD5C02/lock_file
 create mode 100644 .Rproj.user/shared/notebooks/patch-chunk-names
 create mode 100644 .Rproj.user/shared/notebooks/paths
 create mode 100644 00_packages.R
 create mode 100644 1_random_forest_accuracy.Rproj
 create mode 100644 start_data/GDS531_after_anova.csv
]0;~/Documents/csulb/thesis/1_data/Myeloma_cancer/3_other_models/random_forest/1_random_forest_accuracyAnthonys-MacBook-Pro-2:1_random_forest_accuracy anthonydoan$ cp ../../
.DS_Store      random_forest/ 
Anthonys-MacBook-Pro-2:1_random_forest_accuracy anthonydoan$ cp ../../
.DS_Store      random_forest/ 
Anthonys-MacBook-Pro-2:1_random_forest_accuracy anthonydoan$ cp ../../../
.DS_Store
1_EDA/
2_cerp_guide/
3_other_models/
GDS531/
GDS531.zip
generalize_data_agnostic_cerpguide_forest/
Anthonys-MacBook-Pro-2:1_random_forest_accuracy anthonydoan$ cp ../../../generallize_data_agnostic_cerpguide_forest/.gitignore .
]0;~/Documents/csulb/thesis/1_data/Myeloma_cancer/3_other_models/random_forest/1_random_forest_accuracyAnthonys-MacBook-Pro-2:1_random_forest_accuracy anthonydoan$ ls
00_packages.R			start_data
1_random_forest_accuracy.Rproj
]0;~/Documents/csulb/thesis/1_data/Myeloma_cancer/3_other_models/random_forest/1_random_forest_accuracyAnthonys-MacBook-Pro-2:1_random_forest_accuracy anthonydoan$ git add .
]0;~/Documents/csulb/thesis/1_data/Myeloma_cancer/3_other_models/random_forest/1_random_forest_accuracyAnthonys-MacBook-Pro-2:1_random_forest_accuracy anthonydoan$ git commit -m "add ed gitignore file."
[master 96cf100] added gitignore file.
 2 files changed, 82 insertions(+)
 create mode 100644 .gitignore
]0;~/Documents/csulb/thesis/1_data/Myeloma_cancer/3_other_models/random_forest/1_random_forest_accuracyAnthonys-MacBook-Pro-2:1_random_forest_accuracy anthonydoan$ git push origin ma ster
Counting objects: 28, done.
Delta compression using up to 8 threads.
Compressing objects:   3% (1/26)   Compressing objects:   7% (2/26)   Compressing objects:  11% (3/26)   Compressing objects:  15% (4/26)   Compressing objects:  19% (5/26)   Compressing objects:  23% (6/26)   Compressing objects:  26% (7/26)   Compressing objects:  30% (8/26)   Compressing objects:  34% (9/26)   Compressing objects:  38% (10/26)   Compressing objects:  42% (11/26)   Compressing objects:  46% (12/26)   Compressing objects:  50% (13/26)   Compressing objects:  53% (14/26)   Compressing objects:  57% (15/26)   Compressing objects:  61% (16/26)   Compressing objects:  65% (17/26)   Compressing objects:  69% (18/26)   Compressing objects:  73% (19/26)   Compressing objects:  76% (20/26)   Compressing objects:  80% (21/26)   Compressing objects:  84% (22/26)   Compressing objects:  88% (23/26)   Compressing objects:  92% (24/26)   Compressing objects:  96% (25/26)   Compressing objects: 100% (26/26)   Compressing objects: 100% (26/26), done.
Writing objects:   3% (1/28)   Writing objects:   7% (2/28)   Writing objects:  10% (3/28)   Writing objects:  14% (4/28)   Writing objects:  17% (5/28)   Writing objects:  21% (6/28)   Writing objects:  25% (7/28)   Writing objects:  28% (8/28)   Writing objects:  32% (9/28)   Writing objects:  35% (10/28)   Writing objects:  39% (11/28)   Writing objects:  42% (12/28)   Writing objects:  46% (13/28)   Writing objects:  50% (14/28)   Writing objects:  53% (15/28)   Writing objects:  57% (16/28)   Writing objects:  60% (17/28)   Writing objects:  64% (18/28)   Writing objects:  67% (19/28)   Writing objects:  71% (20/28)   Writing objects:  75% (21/28)   Writing objects:  78% (22/28)   Writing objects:  82% (23/28)   Writing objects:  85% (24/28)   Writing objects:  89% (25/28)   Writing objects:  92% (26/28)   Writing objects:  96% (27/28)   Writing objects: 100% (28/28)   Writing objects: 100% (28/28), 714.42 KiB | 2.45 MiB/s, done.
Total 28 (delta 2), reused 0 (delta 0)
remote: Resolving deltas:   0% (0/2)   [Kremote: Resolving deltas:  50% (1/2)   [Kremote: Resolving deltas: 100% (2/2)   [Kremote: Resolving deltas: 100% (2/2), done.[K
To https://github.com/mythicalprogrammer/thesis_random_forest_myeloma_cancer.git
 * [new branch]      master -> master
]0;~/Documents/csulb/thesis/1_data/Myeloma_cancer/3_other_models/random_forest/1_random_forest_accuracyAnthonys-MacBook-Pro-2:1_random_forest_accuracy anthonydoan$ git add .
]0;~/Documents/csulb/thesis/1_data/Myeloma_cancer/3_other_models/random_forest/1_random_forest_accuracyAnthonys-MacBook-Pro-2:1_random_forest_accuracy anthonydoan$ git commit -m "Add ed util files to create confusion matrix[Kces."
[master 0387c67] Added util files to create confusion matrices.
 6 files changed, 42 insertions(+), 2 deletions(-)
 create mode 100644 10_utils.R
]0;~/Documents/csulb/thesis/1_data/Myeloma_cancer/3_other_models/random_forest/1_random_forest_accuracyAnthonys-MacBook-Pro-2:1_random_forest_accuracy anthonydoan$ git push or[K[K[K[K[K[K[K[K[K[K[Kset.seed(1030)
bash: syntax error near unexpected token `1030'
]0;~/Documents/csulb/thesis/1_data/Myeloma_cancer/3_other_models/random_forest/1_random_forest_accuracyAnthonys-MacBook-Pro-2:1_random_forest_accuracy anthonydoan$ n <- unique(result _df$partition_number)
bash: syntax error near unexpected token `('
]0;~/Documents/csulb/thesis/1_data/Myeloma_cancer/3_other_models/random_forest/1_random_forest_accuracyAnthonys-MacBook-Pro-2:1_random_forest_accuracy anthonydoan$ nr <- nrow(prostat e_data)
bash: syntax error near unexpected token `('
]0;~/Documents/csulb/thesis/1_data/Myeloma_cancer/3_other_models/random_forest/1_random_forest_accuracyAnthonys-MacBook-Pro-2:1_random_forest_accuracy anthonydoan$ 
]0;~/Documents/csulb/thesis/1_data/Myeloma_cancer/3_other_models/random_forest/1_random_forest_accuracyAnthonys-MacBook-Pro-2:1_random_forest_accuracy anthonydoan$ for (j in n) {
bash: syntax error near unexpected token `('
]0;~/Documents/csulb/thesis/1_data/Myeloma_cancer/3_other_models/random_forest/1_random_forest_accuracyAnthonys-MacBook-Pro-2:1_random_forest_accuracy anthonydoan$   random_forest_pr edictions <- list()
bash: syntax error near unexpected token `('
]0;~/Documents/csulb/thesis/1_data/Myeloma_cancer/3_other_models/random_forest/1_random_forest_accuracyAnthonys-MacBook-Pro-2:1_random_forest_accuracy anthonydoan$   for (i in  1:nr)  {
bash: syntax error near unexpected token `('
]0;~/Documents/csulb/thesis/1_data/Myeloma_cancer/3_other_models/random_forest/1_random_forest_accuracyAnthonys-MacBook-Pro-2:1_random_forest_accuracy anthonydoan$     train <- prost ate_data[-c(i), ]
bash: syntax error near unexpected token `('
]0;~/Documents/csulb/thesis/1_data/Myeloma_cancer/3_other_models/random_forest/1_random_forest_accuracyAnthonys-MacBook-Pro-2:1_random_forest_accuracy anthonydoan$     test <- prosta te_data[i,]
bash: -: No such file or directory
]0;~/Documents/csulb/thesis/1_data/Myeloma_cancer/3_other_models/random_forest/1_random_forest_accuracyAnthonys-MacBook-Pro-2:1_random_forest_accuracy anthonydoan$     rf.fit <- rang er(state ~ ., data = train, num.trees = j, seed = 1030)
bash: syntax error near unexpected token `('
]0;~/Documents/csulb/thesis/1_data/Myeloma_cancer/3_other_models/random_forest/1_random_forest_accuracyAnthonys-MacBook-Pro-2:1_random_forest_accuracy anthonydoan$     pred <- predic t(rf.fit, test)
bash: syntax error near unexpected token `('
]0;~/Documents/csulb/thesis/1_data/Myeloma_cancer/3_other_models/random_forest/1_random_forest_accuracyAnthonys-MacBook-Pro-2:1_random_forest_accuracy anthonydoan$     random_forest_ predictions[[i]] <- pred$predictions
bash: -: No such file or directory
]0;~/Documents/csulb/thesis/1_data/Myeloma_cancer/3_other_models/random_forest/1_random_forest_accuracyAnthonys-MacBook-Pro-2:1_random_forest_accuracy anthonydoan$   }
bash: syntax error near unexpected token `}'
]0;~/Documents/csulb/thesis/1_data/Myeloma_cancer/3_other_models/random_forest/1_random_forest_accuracyAnthonys-MacBook-Pro-2:1_random_forest_accuracy anthonydoan$ 
]0;~/Documents/csulb/thesis/1_data/Myeloma_cancer/3_other_models/random_forest/1_random_forest_accuracyAnthonys-MacBook-Pro-2:1_random_forest_accuracy anthonydoan$   # back up the re sult since this took awhile to run
]0;~/Documents/csulb/thesis/1_data/Myeloma_cancer/3_other_models/random_forest/1_random_forest_accuracyAnthonys-MacBook-Pro-2:1_random_forest_accuracy anthonydoan$   file_path  <- st r_c('intermediate_data/LOOCV_random_forest_results_num_part_',
bash: syntax error near unexpected token `('
]0;~/Documents/csulb/thesis/1_data/Myeloma_cancer/3_other_models/random_forest/1_random_forest_accuracyAnthonys-MacBook-Pro-2:1_random_forest_accuracy anthonydoan$                        j, '.csv')
bash: syntax error near unexpected token `)'
]0;~/Documents/csulb/thesis/1_data/Myeloma_cancer/3_other_models/random_forest/1_random_forest_accuracyAnthonys-MacBook-Pro-2:1_random_forest_accuracy anthonydoan$   write.csv(random _forest_predictions,
bash: syntax error near unexpected token `random_forest_predictions,'
]0;~/Documents/csulb/thesis/1_data/Myeloma_cancer/3_other_models/random_forest/1_random_forest_accuracyAnthonys-MacBook-Pro-2:1_random_forest_accuracy anthonydoan$             file =  file_path,
=:          cannot open `=' (No such file or directory)
file_path,: cannot open `file_path,' (No such file or directory)
]0;~/Documents/csulb/thesis/1_data/Myeloma_cancer/3_other_models/random_forest/1_random_forest_accuracyAnthonys-MacBook-Pro-2:1_random_forest_accuracy anthonydoan$             row.na mes = FALSE)
bash: syntax error near unexpected token `)'
]0;~/Documents/csulb/thesis/1_data/Myeloma_cancer/3_other_models/random_forest/1_random_forest_accuracyAnthonys-MacBook-Pro-2:1_random_forest_accuracy anthonydoan$ }
bash: syntax error near unexpected token `}'
]0;~/Documents/csulb/thesis/1_data/Myeloma_cancer/3_other_models/random_forest/1_random_forest_accuracyAnthonys-MacBook-Pro-2:1_random_forest_accuracy anthonydoan$ git status
On branch master
Changes not staged for commit:
  (use "git add <file>..." to update what will be committed)
  (use "git checkout -- <file>..." to discard changes in working directory)

	[31mmodified:   .Rproj.user/DE3A4F7B/console06/1DBC1608[m
	[31mmodified:   .Rproj.user/DE3A4F7B/sources/prop/INDEX[m
	[31mmodified:   .Rproj.user/shared/notebooks/paths[m

Untracked files:
  (use "git add <file>..." to include in what will be committed)

	[31m20_random_forest_loocv.R[m

no changes added to commit (use "git add" and/or "git commit -a")
]0;~/Documents/csulb/thesis/1_data/Myeloma_cancer/3_other_models/random_forest/1_random_forest_accuracyAnthonys-MacBook-Pro-2:1_random_forest_accuracy anthonydoan$ j[Kvi[K[Kgit add .
]0;~/Documents/csulb/thesis/1_data/Myeloma_cancer/3_other_models/random_forest/1_random_forest_accuracyAnthonys-MacBook-Pro-2:1_random_forest_accuracy anthonydoan$ git commit -m "Add ed random[K[K[K[K[K[Kleave one out cross validation for random forest."
[master f31dc9a] Added leave one out cross validation for random forest.
 5 files changed, 91 insertions(+), 1 deletion(-)
 create mode 100644 20_random_forest_loocv.R
]0;~/Documents/csulb/thesis/1_data/Myeloma_cancer/3_other_models/random_forest/1_random_forest_accuracyAnthonys-MacBook-Pro-2:1_random_forest_accuracy anthonydoan$ git push oirgin ma ster[K[K[K[K[A[C[C[C[C[C[C[C[C[C[C[C[C[C[C[C[C[C[C[C[C[C[C[C[C[C[C[C[C[C[C[C[C[C[C[C[C[C[C[C[C[C[C[C[C[C[C[C[C[C[C[C[C[C[C[C[C[C[C[C[C[C[C[C[C[C[C[C[C[C[C[C[C[C[C[C[C[C[C[K
[K[A[C[C[C[C[C[C[C[C[C[C[C[C[C[C[C[C[C[C[C[C[C[C[C[C[C[C[C[C[C[C[C[C[C[C[C[C[C[C[C[C[C[C[C[C[C[C[C[C[C[C[C[C[C[C[C[C[C[C[C[C[C[C[C[C[C[C[C[C[C[C[C[C[C[C[C[C[C[C[K[K[K[K[K[K[K[K[K origin ma ster
fatal: unable to access 'https://github.com/mythicalprogrammer/thesis_random_forest_myeloma_cancer.git/': Could not resolve host: github.com
]0;~/Documents/csulb/thesis/1_data/Myeloma_cancer/3_other_models/random_forest/1_random_forest_accuracyAnthonys-MacBook-Pro-2:1_random_forest_accuracy anthonydoan$ git status
On branch master
Changes not staged for commit:
  (use "git add <file>..." to update what will be committed)
  (use "git checkout -- <file>..." to discard changes in working directory)

	[31mmodified:   .Rproj.user/DE3A4F7B/console06/1DBC1608[m
	[31mmodified:   .Rproj.user/DE3A4F7B/sources/prop/INDEX[m
	[31mmodified:   .Rproj.user/shared/notebooks/paths[m
	[31mmodified:   20_random_forest_loocv.R[m

Untracked files:
  (use "git add <file>..." to include in what will be committed)

	[31mintermediate_data/[m

no changes added to commit (use "git add" and/or "git commit -a")
]0;~/Documents/csulb/thesis/1_data/Myeloma_cancer/3_other_models/random_forest/1_random_forest_accuracyAnthonys-MacBook-Pro-2:1_random_forest_accuracy anthonydoan$ git add .
]0;~/Documents/csulb/thesis/1_data/Myeloma_cancer/3_other_models/random_forest/1_random_forest_accuracyAnthonys-MacBook-Pro-2:1_random_forest_accuracy anthonydoan$ git commit -m[K[K[K[K[K[K[K[K[Klog
[?1h=[33mcommit f31dc9a88b72aaa72fa1d029487ecfaaf082f1ef[m[33m ([m[1;36mHEAD -> [m[1;32mmaster[m[33m)[m[m
Author: Anthony Doan <mythicalprogrammer@gmail.com>[m
Date:   Sat Mar 9 16:28:21 2019 -0800[m
[m
    Added leave one out cross validation for random forest.[m
[m
[33mcommit 0387c67fdbcb98bec4ad345d41914b72eba5063a[m[m
Author: Anthony Doan <mythicalprogrammer@gmail.com>[m
:[K[K[?1l>]0;~/Documents/csulb/thesis/1_data/Myeloma_cancer/3_other_models/random_forest/1_random_forest_accuracyAnthonys-MacBook-Pro-2:1_random_forest_accuracy anthonydoan$ git commit -m "Fix  the logic for loocv so that files are ou[K[K[K[K[K[Kper forest are output in csv[K[K[K[K[K[K[K[Ktted. [K"
[master b2ac122] Fix the logic for loocv so that files per forest are outputted.
 14 files changed, 1779 insertions(+), 8 deletions(-)
 create mode 100644 intermediate_data/LOOCV_random_forest_results_num_tree_1.csv
 create mode 100644 intermediate_data/LOOCV_random_forest_results_num_tree_10.csv
 create mode 100644 intermediate_data/LOOCV_random_forest_results_num_tree_2.csv
 create mode 100644 intermediate_data/LOOCV_random_forest_results_num_tree_3.csv
 create mode 100644 intermediate_data/LOOCV_random_forest_results_num_tree_4.csv
 create mode 100644 intermediate_data/LOOCV_random_forest_results_num_tree_5.csv
 create mode 100644 intermediate_data/LOOCV_random_forest_results_num_tree_6.csv
 create mode 100644 intermediate_data/LOOCV_random_forest_results_num_tree_7.csv
 create mode 100644 intermediate_data/LOOCV_random_forest_results_num_tree_8.csv
 create mode 100644 intermediate_data/LOOCV_random_forest_results_num_tree_9.csv
]0;~/Documents/csulb/thesis/1_data/Myeloma_cancer/3_other_models/random_forest/1_random_forest_accuracyAnthonys-MacBook-Pro-2:1_random_forest_accuracy anthonydoan$ mkdir confusion_ma trices
]0;~/Documents/csulb/thesis/1_data/Myeloma_cancer/3_other_models/random_forest/1_random_forest_accuracyAnthonys-MacBook-Pro-2:1_random_forest_accuracy anthonydoan$ i k[K[Kgit [K[K[K[K[Kgit push origin ma ster
Counting objects: 54, done.
Delta compression using up to 8 threads.
Compressing objects:   1% (1/51)   Compressing objects:   3% (2/51)   Compressing objects:   5% (3/51)   Compressing objects:   7% (4/51)   Compressing objects:   9% (5/51)   Compressing objects:  11% (6/51)   Compressing objects:  13% (7/51)   Compressing objects:  15% (8/51)   Compressing objects:  17% (9/51)   Compressing objects:  19% (10/51)   Compressing objects:  21% (11/51)   Compressing objects:  23% (12/51)   Compressing objects:  25% (13/51)   Compressing objects:  27% (14/51)   Compressing objects:  29% (15/51)   Compressing objects:  31% (16/51)   Compressing objects:  33% (17/51)   Compressing objects:  35% (18/51)   Compressing objects:  37% (19/51)   Compressing objects:  39% (20/51)   Compressing objects:  41% (21/51)   Compressing objects:  43% (22/51)   Compressing objects:  45% (23/51)   Compressing objects:  47% (24/51)   Compressing objects:  49% (25/51)   Compressing objects:  50% (26/51)   Compressing objects:  52% (27/51)   Compressing objects:  54% (28/51)   Compressing objects:  56% (29/51)   Compressing objects:  58% (30/51)   Compressing objects:  60% (31/51)   Compressing objects:  62% (32/51)   Compressing objects:  64% (33/51)   Compressing objects:  66% (34/51)   Compressing objects:  68% (35/51)   Compressing objects:  70% (36/51)   Compressing objects:  72% (37/51)   Compressing objects:  74% (38/51)   Compressing objects:  76% (39/51)   Compressing objects:  78% (40/51)   Compressing objects:  80% (41/51)   Compressing objects:  82% (42/51)   Compressing objects:  84% (43/51)   Compressing objects:  86% (44/51)   Compressing objects:  88% (45/51)   Compressing objects:  90% (46/51)   Compressing objects:  92% (47/51)   Compressing objects:  94% (48/51)   Compressing objects:  96% (49/51)   Compressing objects:  98% (50/51)   Compressing objects: 100% (51/51)   Compressing objects: 100% (51/51), done.
Writing objects:   1% (1/54)   Writing objects:   3% (2/54)   Writing objects:   5% (3/54)   Writing objects:   7% (4/54)   Writing objects:   9% (5/54)   Writing objects:  11% (6/54)   Writing objects:  12% (7/54)   Writing objects:  14% (8/54)   Writing objects:  16% (9/54)   Writing objects:  18% (10/54)   Writing objects:  20% (11/54)   Writing objects:  22% (12/54)   Writing objects:  24% (13/54)   Writing objects:  25% (14/54)   Writing objects:  27% (15/54)   Writing objects:  29% (16/54)   Writing objects:  31% (17/54)   Writing objects:  33% (18/54)   Writing objects:  35% (19/54)   Writing objects:  37% (20/54)   Writing objects:  38% (21/54)   Writing objects:  44% (24/54)   Writing objects:  46% (25/54)   Writing objects:  48% (26/54)   Writing objects:  50% (27/54)   Writing objects:  51% (28/54)   Writing objects:  53% (29/54)   Writing objects:  55% (30/54)   Writing objects:  57% (31/54)   Writing objects:  59% (32/54)   Writing objects:  61% (33/54)   Writing objects:  62% (34/54)   Writing objects:  64% (35/54)   Writing objects:  66% (36/54)   Writing objects:  68% (37/54)   Writing objects:  70% (38/54)   Writing objects:  72% (39/54)   Writing objects:  74% (40/54)   Writing objects:  75% (41/54)   Writing objects:  77% (42/54)   Writing objects:  79% (43/54)   Writing objects:  81% (44/54)   Writing objects:  83% (45/54)   Writing objects:  85% (46/54)   Writing objects:  87% (47/54)   Writing objects:  88% (48/54)   Writing objects:  90% (49/54)   Writing objects:  92% (50/54)   Writing objects:  94% (51/54)   Writing objects:  96% (52/54)   Writing objects:  98% (53/54)   Writing objects: 100% (54/54)   Writing objects: 100% (54/54), 7.52 KiB | 130.00 KiB/s, done.
Total 54 (delta 20), reused 0 (delta 0)
remote: Resolving deltas:   0% (0/20)   [Kremote: Resolving deltas:   5% (1/20)   [Kremote: Resolving deltas:  15% (3/20)   [Kremote: Resolving deltas:  25% (5/20)   [Kremote: Resolving deltas:  35% (7/20)   [Kremote: Resolving deltas:  40% (8/20)   [Kremote: Resolving deltas:  85% (17/20)   [Kremote: Resolving deltas:  90% (18/20)   [Kremote: Resolving deltas:  95% (19/20)   [Kremote: Resolving deltas: 100% (20/20)   [Kremote: Resolving deltas: 100% (20/20), completed with 3 local objects.[K
To https://github.com/mythicalprogrammer/thesis_random_forest_myeloma_cancer.git
   96cf100..b2ac122  master -> master
]0;~/Documents/csulb/thesis/1_data/Myeloma_cancer/3_other_models/random_forest/1_random_forest_accuracyAnthonys-MacBook-Pro-2:1_random_forest_accuracy anthonydoan$ git status
On branch master
Changes not staged for commit:
  (use "git add <file>..." to update what will be committed)
  (use "git checkout -- <file>..." to discard changes in working directory)

	[31mmodified:   .Rproj.user/DE3A4F7B/console06/1DBC1608[m
	[31mmodified:   .Rproj.user/DE3A4F7B/sources/prop/INDEX[m
	[31mmodified:   .Rproj.user/shared/notebooks/paths[m
	[31mmodified:   10_utils.R[m
	[31mmodified:   20_random_forest_loocv.R[m

Untracked files:
  (use "git add <file>..." to include in what will be committed)

	[31m30_confusion_matrices.R[m
	[31mconfusion_matrices/[m
	[31mintermediate_data/LOOCV_random_forest_results_num_tree_1000.csv[m
	[31mintermediate_data/LOOCV_random_forest_results_num_tree_11.csv[m
	[31mintermediate_data/LOOCV_random_forest_results_num_tree_12.csv[m
	[31mintermediate_data/LOOCV_random_forest_results_num_tree_13.csv[m
	[31mintermediate_data/LOOCV_random_forest_results_num_tree_14.csv[m
	[31mintermediate_data/LOOCV_random_forest_results_num_tree_15.csv[m
	[31mintermediate_data/LOOCV_random_forest_results_num_tree_16.csv[m
	[31mintermediate_data/LOOCV_random_forest_results_num_tree_17.csv[m
	[31mintermediate_data/LOOCV_random_forest_results_num_tree_18.csv[m
	[31mintermediate_data/LOOCV_random_forest_results_num_tree_19.csv[m
	[31mintermediate_data/LOOCV_random_forest_results_num_tree_20.csv[m
	[31mintermediate_data/LOOCV_random_forest_results_num_tree_2000.csv[m
	[31mintermediate_data/LOOCV_random_forest_results_num_tree_21.csv[m
	[31mintermediate_data/LOOCV_random_forest_results_num_tree_22.csv[m
	[31mintermediate_data/LOOCV_random_forest_results_num_tree_23.csv[m
	[31mintermediate_data/LOOCV_random_forest_results_num_tree_24.csv[m
	[31mintermediate_data/LOOCV_random_forest_results_num_tree_25.csv[m
	[31mintermediate_data/LOOCV_random_forest_results_num_tree_26.csv[m
	[31mintermediate_data/LOOCV_random_forest_results_num_tree_27.csv[m
	[31mintermediate_data/LOOCV_random_forest_results_num_tree_28.csv[m
	[31mintermediate_data/LOOCV_random_forest_results_num_tree_29.csv[m
	[31mintermediate_data/LOOCV_random_forest_results_num_tree_30.csv[m
	[31mintermediate_data/LOOCV_random_forest_results_num_tree_3000.csv[m
	[31mintermediate_data/LOOCV_random_forest_results_num_tree_4000.csv[m
	[31mintermediate_data/LOOCV_random_forest_results_num_tree_500.csv[m

no changes added to commit (use "git add" and/or "git commit -a")
]0;~/Documents/csulb/thesis/1_data/Myeloma_cancer/3_other_models/random_forest/1_random_forest_accuracyAnthonys-MacBook-Pro-2:1_random_forest_accuracy anthonydoan$ git add .